[      76ms] [LOG] Angular is running in development mode. @ http://localhost:4200/@fs/Users/witek/repos/ohno/.angular/cache/21.2.7/ohno/vite/deps/chunk-WKYDDHXK.js?v=b8d22622:11166
[     143ms] [LOG] NG0751: Angular has detected that this application contains `@defer` blocks and the hot module replacement (HMR) mode is enabled. All `@defer` block dependencies will be loaded eagerly. Find more at https://v21.angular.dev/errors/NG0751 @ http://localhost:4200/@fs/Users/witek/repos/ohno/.angular/cache/21.2.7/ohno/vite/deps/chunk-WKYDDHXK.js?v=b8d22622:11166
[    9447ms] [WARNING] %c Missing translation for 'core.navigation.sidebar.algorithms.groups.overview' font-size: 12px; color: red @ http://localhost:4200/@fs/Users/witek/repos/ohno/.angular/cache/21.2.7/ohno/vite/deps/@jsverse_transloco.js?v=b8d22622:346
[    9447ms] [WARNING] %c Missing translation for 'core.navigation.sidebar.algorithms.items.allAlgorithms' font-size: 12px; color: red @ http://localhost:4200/@fs/Users/witek/repos/ohno/.angular/cache/21.2.7/ohno/vite/deps/@jsverse_transloco.js?v=b8d22622:346
[    9447ms] [WARNING] %c Missing translation for 'core.navigation.sidebar.algorithms.sections.allAlgorithms' font-size: 12px; color: red @ http://localhost:4200/@fs/Users/witek/repos/ohno/.angular/cache/21.2.7/ohno/vite/deps/@jsverse_transloco.js?v=b8d22622:346
[    9447ms] [WARNING] %c Missing translation for 'core.navigation.sidebar.algorithms.groups.sorting' font-size: 12px; color: red @ http://localhost:4200/@fs/Users/witek/repos/ohno/.angular/cache/21.2.7/ohno/vite/deps/@jsverse_transloco.js?v=b8d22622:346
[    9448ms] [WARNING] %c Missing translation for 'core.navigation.sidebar.algorithms.items.allSorting' font-size: 12px; color: red @ http://localhost:4200/@fs/Users/witek/repos/ohno/.angular/cache/21.2.7/ohno/vite/deps/@jsverse_transloco.js?v=b8d22622:346
[    9448ms] [WARNING] %c Missing translation for 'core.navigation.sidebar.algorithms.sections.sortingAlgorithms' font-size: 12px; color: red @ http://localhost:4200/@fs/Users/witek/repos/ohno/.angular/cache/21.2.7/ohno/vite/deps/@jsverse_transloco.js?v=b8d22622:346
[    9448ms] [WARNING] %c Missing translation for 'core.navigation.sidebar.algorithms.items.comparison' font-size: 12px; color: red @ http://localhost:4200/@fs/Users/witek/repos/ohno/.angular/cache/21.2.7/ohno/vite/deps/@jsverse_transloco.js?v=b8d22622:346
[    9448ms] [WARNING] %c Missing translation for 'core.navigation.sidebar.algorithms.sections.comparisonSorts' font-size: 12px; color: red @ http://localhost:4200/@fs/Users/witek/repos/ohno/.angular/cache/21.2.7/ohno/vite/deps/@jsverse_transloco.js?v=b8d22622:346
[    9448ms] [WARNING] %c Missing translation for 'core.navigation.sidebar.algorithms.items.nonComparison' font-size: 12px; color: red @ http://localhost:4200/@fs/Users/witek/repos/ohno/.angular/cache/21.2.7/ohno/vite/deps/@jsverse_transloco.js?v=b8d22622:346
[    9448ms] [WARNING] %c Missing translation for 'core.navigation.sidebar.algorithms.sections.nonComparisonSorts' font-size: 12px; color: red @ http://localhost:4200/@fs/Users/witek/repos/ohno/.angular/cache/21.2.7/ohno/vite/deps/@jsverse_transloco.js?v=b8d22622:346
[    9448ms] [WARNING] %c Missing translation for 'core.navigation.sidebar.algorithms.groups.searching' font-size: 12px; color: red @ http://localhost:4200/@fs/Users/witek/repos/ohno/.angular/cache/21.2.7/ohno/vite/deps/@jsverse_transloco.js?v=b8d22622:346
[    9448ms] [WARNING] %c Missing translation for 'core.navigation.sidebar.algorithms.items.allSearching' font-size: 12px; color: red @ http://localhost:4200/@fs/Users/witek/repos/ohno/.angular/cache/21.2.7/ohno/vite/deps/@jsverse_transloco.js?v=b8d22622:346
[    9448ms] [WARNING] %c Missing translation for 'core.navigation.sidebar.algorithms.sections.searchAlgorithms' font-size: 12px; color: red @ http://localhost:4200/@fs/Users/witek/repos/ohno/.angular/cache/21.2.7/ohno/vite/deps/@jsverse_transloco.js?v=b8d22622:346
[    9448ms] [WARNING] %c Missing translation for 'core.navigation.sidebar.algorithms.items.arraySearch' font-size: 12px; color: red @ http://localhost:4200/@fs/Users/witek/repos/ohno/.angular/cache/21.2.7/ohno/vite/deps/@jsverse_transloco.js?v=b8d22622:346
[    9448ms] [WARNING] %c Missing translation for 'core.navigation.sidebar.algorithms.sections.linearSearchAlgorithms' font-size: 12px; color: red @ http://localhost:4200/@fs/Users/witek/repos/ohno/.angular/cache/21.2.7/ohno/vite/deps/@jsverse_transloco.js?v=b8d22622:346
[    9448ms] [WARNING] %c Missing translation for 'core.navigation.sidebar.algorithms.items.binarySearch' font-size: 12px; color: red @ http://localhost:4200/@fs/Users/witek/repos/ohno/.angular/cache/21.2.7/ohno/vite/deps/@jsverse_transloco.js?v=b8d22622:346
[    9448ms] [WARNING] %c Missing translation for 'core.navigation.sidebar.algorithms.sections.binarySearchAlgorithms' font-size: 12px; color: red @ http://localhost:4200/@fs/Users/witek/repos/ohno/.angular/cache/21.2.7/ohno/vite/deps/@jsverse_transloco.js?v=b8d22622:346
[    9448ms] [WARNING] %c Missing translation for 'core.navigation.sidebar.algorithms.groups.trees' font-size: 12px; color: red @ http://localhost:4200/@fs/Users/witek/repos/ohno/.angular/cache/21.2.7/ohno/vite/deps/@jsverse_transloco.js?v=b8d22622:346
[    9448ms] [WARNING] %c Missing translation for 'core.navigation.sidebar.algorithms.items.allTrees' font-size: 12px; color: red @ http://localhost:4200/@fs/Users/witek/repos/ohno/.angular/cache/21.2.7/ohno/vite/deps/@jsverse_transloco.js?v=b8d22622:346
[    9448ms] [WARNING] %c Missing translation for 'core.navigation.sidebar.algorithms.sections.treeAlgorithms' font-size: 12px; color: red @ http://localhost:4200/@fs/Users/witek/repos/ohno/.angular/cache/21.2.7/ohno/vite/deps/@jsverse_transloco.js?v=b8d22622:346
[    9448ms] [WARNING] %c Missing translation for 'core.navigation.sidebar.algorithms.items.treeTraversal' font-size: 12px; color: red @ http://localhost:4200/@fs/Users/witek/repos/ohno/.angular/cache/21.2.7/ohno/vite/deps/@jsverse_transloco.js?v=b8d22622:346
[    9448ms] [WARNING] %c Missing translation for 'core.navigation.sidebar.algorithms.sections.treeTraversalAlgorithms' font-size: 12px; color: red @ http://localhost:4200/@fs/Users/witek/repos/ohno/.angular/cache/21.2.7/ohno/vite/deps/@jsverse_transloco.js?v=b8d22622:346
[    9448ms] [WARNING] %c Missing translation for 'core.navigation.sidebar.algorithms.groups.graphs' font-size: 12px; color: red @ http://localhost:4200/@fs/Users/witek/repos/ohno/.angular/cache/21.2.7/ohno/vite/deps/@jsverse_transloco.js?v=b8d22622:346
[    9448ms] [WARNING] %c Missing translation for 'core.navigation.sidebar.algorithms.items.allGraphs' font-size: 12px; color: red @ http://localhost:4200/@fs/Users/witek/repos/ohno/.angular/cache/21.2.7/ohno/vite/deps/@jsverse_transloco.js?v=b8d22622:346
[    9448ms] [WARNING] %c Missing translation for 'core.navigation.sidebar.algorithms.sections.graphAlgorithms' font-size: 12px; color: red @ http://localhost:4200/@fs/Users/witek/repos/ohno/.angular/cache/21.2.7/ohno/vite/deps/@jsverse_transloco.js?v=b8d22622:346
[    9448ms] [WARNING] %c Missing translation for 'core.navigation.sidebar.algorithms.items.pathfinding' font-size: 12px; color: red @ http://localhost:4200/@fs/Users/witek/repos/ohno/.angular/cache/21.2.7/ohno/vite/deps/@jsverse_transloco.js?v=b8d22622:346
[    9448ms] [WARNING] %c Missing translation for 'core.navigation.sidebar.algorithms.sections.pathfindingAlgorithms' font-size: 12px; color: red @ http://localhost:4200/@fs/Users/witek/repos/ohno/.angular/cache/21.2.7/ohno/vite/deps/@jsverse_transloco.js?v=b8d22622:346
[    9448ms] [WARNING] %c Missing translation for 'core.navigation.sidebar.algorithms.items.graphTraversal' font-size: 12px; color: red @ http://localhost:4200/@fs/Users/witek/repos/ohno/.angular/cache/21.2.7/ohno/vite/deps/@jsverse_transloco.js?v=b8d22622:346
[    9448ms] [WARNING] %c Missing translation for 'core.navigation.sidebar.algorithms.sections.graphTraversal' font-size: 12px; color: red @ http://localhost:4200/@fs/Users/witek/repos/ohno/.angular/cache/21.2.7/ohno/vite/deps/@jsverse_transloco.js?v=b8d22622:346
[    9449ms] [WARNING] %c Missing translation for 'core.navigation.sidebar.algorithms.items.mst' font-size: 12px; color: red @ http://localhost:4200/@fs/Users/witek/repos/ohno/.angular/cache/21.2.7/ohno/vite/deps/@jsverse_transloco.js?v=b8d22622:346
[    9449ms] [WARNING] %c Missing translation for 'core.navigation.sidebar.algorithms.sections.minimumSpanningTree' font-size: 12px; color: red @ http://localhost:4200/@fs/Users/witek/repos/ohno/.angular/cache/21.2.7/ohno/vite/deps/@jsverse_transloco.js?v=b8d22622:346
[    9449ms] [WARNING] %c Missing translation for 'core.navigation.sidebar.algorithms.items.connectivity' font-size: 12px; color: red @ http://localhost:4200/@fs/Users/witek/repos/ohno/.angular/cache/21.2.7/ohno/vite/deps/@jsverse_transloco.js?v=b8d22622:346
[    9449ms] [WARNING] %c Missing translation for 'core.navigation.sidebar.algorithms.sections.graphConnectivityAlgorithms' font-size: 12px; color: red @ http://localhost:4200/@fs/Users/witek/repos/ohno/.angular/cache/21.2.7/ohno/vite/deps/@jsverse_transloco.js?v=b8d22622:346
[    9449ms] [WARNING] %c Missing translation for 'core.navigation.sidebar.algorithms.items.flowMatching' font-size: 12px; color: red @ http://localhost:4200/@fs/Users/witek/repos/ohno/.angular/cache/21.2.7/ohno/vite/deps/@jsverse_transloco.js?v=b8d22622:346
[    9449ms] [WARNING] %c Missing translation for 'core.navigation.sidebar.algorithms.sections.flowAndMatchingAlgorithms' font-size: 12px; color: red @ http://localhost:4200/@fs/Users/witek/repos/ohno/.angular/cache/21.2.7/ohno/vite/deps/@jsverse_transloco.js?v=b8d22622:346
[    9449ms] [WARNING] %c Missing translation for 'core.navigation.sidebar.algorithms.items.advancedGraphs' font-size: 12px; color: red @ http://localhost:4200/@fs/Users/witek/repos/ohno/.angular/cache/21.2.7/ohno/vite/deps/@jsverse_transloco.js?v=b8d22622:346
[    9449ms] [WARNING] %c Missing translation for 'core.navigation.sidebar.algorithms.sections.advancedGraphAlgorithms' font-size: 12px; color: red @ http://localhost:4200/@fs/Users/witek/repos/ohno/.angular/cache/21.2.7/ohno/vite/deps/@jsverse_transloco.js?v=b8d22622:346
[    9449ms] [WARNING] %c Missing translation for 'core.navigation.sidebar.algorithms.groups.dp' font-size: 12px; color: red @ http://localhost:4200/@fs/Users/witek/repos/ohno/.angular/cache/21.2.7/ohno/vite/deps/@jsverse_transloco.js?v=b8d22622:346
[    9449ms] [WARNING] %c Missing translation for 'core.navigation.sidebar.algorithms.items.allDp' font-size: 12px; color: red @ http://localhost:4200/@fs/Users/witek/repos/ohno/.angular/cache/21.2.7/ohno/vite/deps/@jsverse_transloco.js?v=b8d22622:346
[    9449ms] [WARNING] %c Missing translation for 'core.navigation.sidebar.algorithms.sections.dynamicProgramming' font-size: 12px; color: red @ http://localhost:4200/@fs/Users/witek/repos/ohno/.angular/cache/21.2.7/ohno/vite/deps/@jsverse_transloco.js?v=b8d22622:346
[    9449ms] [WARNING] %c Missing translation for 'core.navigation.sidebar.algorithms.items.classic' font-size: 12px; color: red @ http://localhost:4200/@fs/Users/witek/repos/ohno/.angular/cache/21.2.7/ohno/vite/deps/@jsverse_transloco.js?v=b8d22622:346
[    9449ms] [WARNING] %c Missing translation for 'core.navigation.sidebar.algorithms.sections.classicDpProblems' font-size: 12px; color: red @ http://localhost:4200/@fs/Users/witek/repos/ohno/.angular/cache/21.2.7/ohno/vite/deps/@jsverse_transloco.js?v=b8d22622:346
[    9449ms] [WARNING] %c Missing translation for 'core.navigation.sidebar.algorithms.items.dpSequences' font-size: 12px; color: red @ http://localhost:4200/@fs/Users/witek/repos/ohno/.angular/cache/21.2.7/ohno/vite/deps/@jsverse_transloco.js?v=b8d22622:346
[    9449ms] [WARNING] %c Missing translation for 'core.navigation.sidebar.algorithms.sections.sequenceDpProblems' font-size: 12px; color: red @ http://localhost:4200/@fs/Users/witek/repos/ohno/.angular/cache/21.2.7/ohno/vite/deps/@jsverse_transloco.js?v=b8d22622:346
[    9449ms] [WARNING] %c Missing translation for 'core.navigation.sidebar.algorithms.items.dpAdvanced' font-size: 12px; color: red @ http://localhost:4200/@fs/Users/witek/repos/ohno/.angular/cache/21.2.7/ohno/vite/deps/@jsverse_transloco.js?v=b8d22622:346
[    9449ms] [WARNING] %c Missing translation for 'core.navigation.sidebar.algorithms.sections.advancedDpProblems' font-size: 12px; color: red @ http://localhost:4200/@fs/Users/witek/repos/ohno/.angular/cache/21.2.7/ohno/vite/deps/@jsverse_transloco.js?v=b8d22622:346
[    9449ms] [WARNING] %c Missing translation for 'core.navigation.sidebar.algorithms.items.dpOptimization' font-size: 12px; color: red @ http://localhost:4200/@fs/Users/witek/repos/ohno/.angular/cache/21.2.7/ohno/vite/deps/@jsverse_transloco.js?v=b8d22622:346
[    9449ms] [WARNING] %c Missing translation for 'core.navigation.sidebar.algorithms.sections.dpOptimizationTechniques' font-size: 12px; color: red @ http://localhost:4200/@fs/Users/witek/repos/ohno/.angular/cache/21.2.7/ohno/vite/deps/@jsverse_transloco.js?v=b8d22622:346
[    9449ms] [WARNING] %c Missing translation for 'core.navigation.sidebar.algorithms.groups.strings' font-size: 12px; color: red @ http://localhost:4200/@fs/Users/witek/repos/ohno/.angular/cache/21.2.7/ohno/vite/deps/@jsverse_transloco.js?v=b8d22622:346
[    9449ms] [WARNING] %c Missing translation for 'core.navigation.sidebar.algorithms.items.allStrings' font-size: 12px; color: red @ http://localhost:4200/@fs/Users/witek/repos/ohno/.angular/cache/21.2.7/ohno/vite/deps/@jsverse_transloco.js?v=b8d22622:346
[    9449ms] [WARNING] %c Missing translation for 'core.navigation.sidebar.algorithms.sections.stringAlgorithms' font-size: 12px; color: red @ http://localhost:4200/@fs/Users/witek/repos/ohno/.angular/cache/21.2.7/ohno/vite/deps/@jsverse_transloco.js?v=b8d22622:346
[    9449ms] [WARNING] %c Missing translation for 'core.navigation.sidebar.algorithms.items.patternMatching' font-size: 12px; color: red @ http://localhost:4200/@fs/Users/witek/repos/ohno/.angular/cache/21.2.7/ohno/vite/deps/@jsverse_transloco.js?v=b8d22622:346
[    9449ms] [WARNING] %c Missing translation for 'core.navigation.sidebar.algorithms.sections.patternMatching' font-size: 12px; color: red @ http://localhost:4200/@fs/Users/witek/repos/ohno/.angular/cache/21.2.7/ohno/vite/deps/@jsverse_transloco.js?v=b8d22622:346
[    9449ms] [WARNING] %c Missing translation for 'core.navigation.sidebar.algorithms.items.suffixPalindromes' font-size: 12px; color: red @ http://localhost:4200/@fs/Users/witek/repos/ohno/.angular/cache/21.2.7/ohno/vite/deps/@jsverse_transloco.js?v=b8d22622:346
[    9449ms] [WARNING] %c Missing translation for 'core.navigation.sidebar.algorithms.sections.suffixAndPalindromeStructures' font-size: 12px; color: red @ http://localhost:4200/@fs/Users/witek/repos/ohno/.angular/cache/21.2.7/ohno/vite/deps/@jsverse_transloco.js?v=b8d22622:346
[    9449ms] [WARNING] %c Missing translation for 'core.navigation.sidebar.algorithms.items.compression' font-size: 12px; color: red @ http://localhost:4200/@fs/Users/witek/repos/ohno/.angular/cache/21.2.7/ohno/vite/deps/@jsverse_transloco.js?v=b8d22622:346
[    9450ms] [WARNING] %c Missing translation for 'core.navigation.sidebar.algorithms.sections.compressionAndEncoding' font-size: 12px; color: red @ http://localhost:4200/@fs/Users/witek/repos/ohno/.angular/cache/21.2.7/ohno/vite/deps/@jsverse_transloco.js?v=b8d22622:346
[    9450ms] [WARNING] %c Missing translation for 'core.navigation.sidebar.algorithms.groups.geometry' font-size: 12px; color: red @ http://localhost:4200/@fs/Users/witek/repos/ohno/.angular/cache/21.2.7/ohno/vite/deps/@jsverse_transloco.js?v=b8d22622:346
[    9450ms] [WARNING] %c Missing translation for 'core.navigation.sidebar.algorithms.items.allGeometry' font-size: 12px; color: red @ http://localhost:4200/@fs/Users/witek/repos/ohno/.angular/cache/21.2.7/ohno/vite/deps/@jsverse_transloco.js?v=b8d22622:346
[    9450ms] [WARNING] %c Missing translation for 'core.navigation.sidebar.algorithms.sections.computationalGeometry' font-size: 12px; color: red @ http://localhost:4200/@fs/Users/witek/repos/ohno/.angular/cache/21.2.7/ohno/vite/deps/@jsverse_transloco.js?v=b8d22622:346
[    9450ms] [WARNING] %c Missing translation for 'core.navigation.sidebar.algorithms.items.geometryComputational' font-size: 12px; color: red @ http://localhost:4200/@fs/Users/witek/repos/ohno/.angular/cache/21.2.7/ohno/vite/deps/@jsverse_transloco.js?v=b8d22622:346
[    9450ms] [WARNING] %c Missing translation for 'core.navigation.sidebar.algorithms.sections.computationalGeometryAlgorithms' font-size: 12px; color: red @ http://localhost:4200/@fs/Users/witek/repos/ohno/.angular/cache/21.2.7/ohno/vite/deps/@jsverse_transloco.js?v=b8d22622:346
[    9450ms] [WARNING] %c Missing translation for 'core.navigation.sidebar.algorithms.items.geometryAdvanced' font-size: 12px; color: red @ http://localhost:4200/@fs/Users/witek/repos/ohno/.angular/cache/21.2.7/ohno/vite/deps/@jsverse_transloco.js?v=b8d22622:346
[    9450ms] [WARNING] %c Missing translation for 'core.navigation.sidebar.algorithms.sections.advancedGeometryAlgorithms' font-size: 12px; color: red @ http://localhost:4200/@fs/Users/witek/repos/ohno/.angular/cache/21.2.7/ohno/vite/deps/@jsverse_transloco.js?v=b8d22622:346
[    9450ms] [WARNING] %c Missing translation for 'core.navigation.sidebar.algorithms.groups.misc' font-size: 12px; color: red @ http://localhost:4200/@fs/Users/witek/repos/ohno/.angular/cache/21.2.7/ohno/vite/deps/@jsverse_transloco.js?v=b8d22622:346
[    9450ms] [WARNING] %c Missing translation for 'core.navigation.sidebar.algorithms.items.allMisc' font-size: 12px; color: red @ http://localhost:4200/@fs/Users/witek/repos/ohno/.angular/cache/21.2.7/ohno/vite/deps/@jsverse_transloco.js?v=b8d22622:346
[    9450ms] [WARNING] %c Missing translation for 'core.navigation.sidebar.algorithms.sections.otherAlgorithms' font-size: 12px; color: red @ http://localhost:4200/@fs/Users/witek/repos/ohno/.angular/cache/21.2.7/ohno/vite/deps/@jsverse_transloco.js?v=b8d22622:346
[    9450ms] [WARNING] %c Missing translation for 'core.navigation.sidebar.algorithms.items.math' font-size: 12px; color: red @ http://localhost:4200/@fs/Users/witek/repos/ohno/.angular/cache/21.2.7/ohno/vite/deps/@jsverse_transloco.js?v=b8d22622:346
[    9450ms] [WARNING] %c Missing translation for 'core.navigation.sidebar.algorithms.sections.mathAlgorithms' font-size: 12px; color: red @ http://localhost:4200/@fs/Users/witek/repos/ohno/.angular/cache/21.2.7/ohno/vite/deps/@jsverse_transloco.js?v=b8d22622:346
[    9450ms] [WARNING] %c Missing translation for 'core.navigation.sidebar.algorithms.items.arrayTechniques' font-size: 12px; color: red @ http://localhost:4200/@fs/Users/witek/repos/ohno/.angular/cache/21.2.7/ohno/vite/deps/@jsverse_transloco.js?v=b8d22622:346
[    9450ms] [WARNING] %c Missing translation for 'core.navigation.sidebar.algorithms.sections.arrayTechniques' font-size: 12px; color: red @ http://localhost:4200/@fs/Users/witek/repos/ohno/.angular/cache/21.2.7/ohno/vite/deps/@jsverse_transloco.js?v=b8d22622:346
[    9450ms] [WARNING] %c Missing translation for 'core.navigation.sidebar.algorithms.items.backtracking' font-size: 12px; color: red @ http://localhost:4200/@fs/Users/witek/repos/ohno/.angular/cache/21.2.7/ohno/vite/deps/@jsverse_transloco.js?v=b8d22622:346
[    9450ms] [WARNING] %c Missing translation for 'core.navigation.sidebar.algorithms.sections.backtrackingAlgorithms' font-size: 12px; color: red @ http://localhost:4200/@fs/Users/witek/repos/ohno/.angular/cache/21.2.7/ohno/vite/deps/@jsverse_transloco.js?v=b8d22622:346
[    9450ms] [WARNING] %c Missing translation for 'core.navigation.sidebar.algorithms.items.recursion' font-size: 12px; color: red @ http://localhost:4200/@fs/Users/witek/repos/ohno/.angular/cache/21.2.7/ohno/vite/deps/@jsverse_transloco.js?v=b8d22622:346
[    9450ms] [WARNING] %c Missing translation for 'core.navigation.sidebar.algorithms.sections.recursionAndCallStack' font-size: 12px; color: red @ http://localhost:4200/@fs/Users/witek/repos/ohno/.angular/cache/21.2.7/ohno/vite/deps/@jsverse_transloco.js?v=b8d22622:346
[    9450ms] [WARNING] %c Missing translation for 'core.navigation.sidebar.algorithms.items.gameTheory' font-size: 12px; color: red @ http://localhost:4200/@fs/Users/witek/repos/ohno/.angular/cache/21.2.7/ohno/vite/deps/@jsverse_transloco.js?v=b8d22622:346
[    9450ms] [WARNING] %c Missing translation for 'core.navigation.sidebar.algorithms.sections.gameTreeAlgorithms' font-size: 12px; color: red @ http://localhost:4200/@fs/Users/witek/repos/ohno/.angular/cache/21.2.7/ohno/vite/deps/@jsverse_transloco.js?v=b8d22622:346
[    9450ms] [WARNING] %c Missing translation for 'core.navigation.sidebar.algorithms.items.randomized' font-size: 12px; color: red @ http://localhost:4200/@fs/Users/witek/repos/ohno/.angular/cache/21.2.7/ohno/vite/deps/@jsverse_transloco.js?v=b8d22622:346
[    9450ms] [WARNING] %c Missing translation for 'core.navigation.sidebar.algorithms.sections.randomizedAlgorithms' font-size: 12px; color: red @ http://localhost:4200/@fs/Users/witek/repos/ohno/.angular/cache/21.2.7/ohno/vite/deps/@jsverse_transloco.js?v=b8d22622:346
[    9451ms] [WARNING] %c Missing translation for 'features.algorithms.catalog.marquee.overviewEyebrow' font-size: 12px; color: red @ http://localhost:4200/@fs/Users/witek/repos/ohno/.angular/cache/21.2.7/ohno/vite/deps/@jsverse_transloco.js?v=b8d22622:346
[    9451ms] [WARNING] %c Missing translation for 'features.algorithms.catalog.marquee.overviewTitle' font-size: 12px; color: red @ http://localhost:4200/@fs/Users/witek/repos/ohno/.angular/cache/21.2.7/ohno/vite/deps/@jsverse_transloco.js?v=b8d22622:346
[    9451ms] [WARNING] %c Missing translation for 'features.algorithms.catalog.marquee.modules' font-size: 12px; color: red @ http://localhost:4200/@fs/Users/witek/repos/ohno/.angular/cache/21.2.7/ohno/vite/deps/@jsverse_transloco.js?v=b8d22622:346
[    9451ms] [WARNING] %c Missing translation for 'features.algorithms.catalog.marquee.categories' font-size: 12px; color: red @ http://localhost:4200/@fs/Users/witek/repos/ohno/.angular/cache/21.2.7/ohno/vite/deps/@jsverse_transloco.js?v=b8d22622:346
[    9451ms] [WARNING] %c Missing translation for 'features.algorithms.catalog.marquee.groups' font-size: 12px; color: red @ http://localhost:4200/@fs/Users/witek/repos/ohno/.angular/cache/21.2.7/ohno/vite/deps/@jsverse_transloco.js?v=b8d22622:346
[    9452ms] [WARNING] %c Missing translation for 'core.instrument.palette.placeholder' font-size: 12px; color: red @ http://localhost:4200/@fs/Users/witek/repos/ohno/.angular/cache/21.2.7/ohno/vite/deps/@jsverse_transloco.js?v=b8d22622:346
[    9452ms] [WARNING] %c Missing translation for 'shared.difficulty.easy' font-size: 12px; color: red @ http://localhost:4200/@fs/Users/witek/repos/ohno/.angular/cache/21.2.7/ohno/vite/deps/@jsverse_transloco.js?v=b8d22622:346
[    9452ms] [WARNING] %c Missing translation for 'shared.difficulty.medium' font-size: 12px; color: red @ http://localhost:4200/@fs/Users/witek/repos/ohno/.angular/cache/21.2.7/ohno/vite/deps/@jsverse_transloco.js?v=b8d22622:346
[    9452ms] [WARNING] %c Missing translation for 'shared.difficulty.hard' font-size: 12px; color: red @ http://localhost:4200/@fs/Users/witek/repos/ohno/.angular/cache/21.2.7/ohno/vite/deps/@jsverse_transloco.js?v=b8d22622:346
[    9452ms] [WARNING] %c Missing translation for 'shared.difficulty.insane' font-size: 12px; color: red @ http://localhost:4200/@fs/Users/witek/repos/ohno/.angular/cache/21.2.7/ohno/vite/deps/@jsverse_transloco.js?v=b8d22622:346
[    9452ms] [WARNING] %c Missing translation for 'features.algorithms.catalog.path.titles.overview' font-size: 12px; color: red @ http://localhost:4200/@fs/Users/witek/repos/ohno/.angular/cache/21.2.7/ohno/vite/deps/@jsverse_transloco.js?v=b8d22622:346
[    9453ms] [WARNING] %c Missing translation for 'features.algorithms.catalog.path.stepAriaLabel' font-size: 12px; color: red @ http://localhost:4200/@fs/Users/witek/repos/ohno/.angular/cache/21.2.7/ohno/vite/deps/@jsverse_transloco.js?v=b8d22622:346
[    9453ms] [WARNING] %c Missing translation for 'features.algorithms.catalog.path.stepAriaLabel' font-size: 12px; color: red @ http://localhost:4200/@fs/Users/witek/repos/ohno/.angular/cache/21.2.7/ohno/vite/deps/@jsverse_transloco.js?v=b8d22622:346
[    9453ms] [WARNING] %c Missing translation for 'features.algorithms.catalog.path.stepAriaLabel' font-size: 12px; color: red @ http://localhost:4200/@fs/Users/witek/repos/ohno/.angular/cache/21.2.7/ohno/vite/deps/@jsverse_transloco.js?v=b8d22622:346
[    9453ms] [WARNING] %c Missing translation for 'features.algorithms.catalog.path.stepAriaLabel' font-size: 12px; color: red @ http://localhost:4200/@fs/Users/witek/repos/ohno/.angular/cache/21.2.7/ohno/vite/deps/@jsverse_transloco.js?v=b8d22622:346
[    9453ms] [WARNING] %c Missing translation for 'features.algorithms.catalog.card.openAriaLabel' font-size: 12px; color: red @ http://localhost:4200/@fs/Users/witek/repos/ohno/.angular/cache/21.2.7/ohno/vite/deps/@jsverse_transloco.js?v=b8d22622:346
[    9453ms] [WARNING] %c Missing translation for 'shared.difficulty.easy' font-size: 12px; color: red @ http://localhost:4200/@fs/Users/witek/repos/ohno/.angular/cache/21.2.7/ohno/vite/deps/@jsverse_transloco.js?v=b8d22622:346
[    9454ms] [WARNING] %c Missing translation for 'features.algorithms.catalog.modules.bubble-sort.description' font-size: 12px; color: red @ http://localhost:4200/@fs/Users/witek/repos/ohno/.angular/cache/21.2.7/ohno/vite/deps/@jsverse_transloco.js?v=b8d22622:346
[    9454ms] [WARNING] %c Missing translation for 'features.algorithms.catalog.card.openAriaLabel' font-size: 12px; color: red @ http://localhost:4200/@fs/Users/witek/repos/ohno/.angular/cache/21.2.7/ohno/vite/deps/@jsverse_transloco.js?v=b8d22622:346
[    9454ms] [WARNING] %c Missing translation for 'shared.difficulty.easy' font-size: 12px; color: red @ http://localhost:4200/@fs/Users/witek/repos/ohno/.angular/cache/21.2.7/ohno/vite/deps/@jsverse_transloco.js?v=b8d22622:346
[    9454ms] [WARNING] %c Missing translation for 'features.algorithms.catalog.modules.selection-sort.description' font-size: 12px; color: red @ http://localhost:4200/@fs/Users/witek/repos/ohno/.angular/cache/21.2.7/ohno/vite/deps/@jsverse_transloco.js?v=b8d22622:346
[    9454ms] [WARNING] %c Missing translation for 'features.algorithms.catalog.card.openAriaLabel' font-size: 12px; color: red @ http://localhost:4200/@fs/Users/witek/repos/ohno/.angular/cache/21.2.7/ohno/vite/deps/@jsverse_transloco.js?v=b8d22622:346
[    9454ms] [WARNING] %c Missing translation for 'shared.difficulty.easy' font-size: 12px; color: red @ http://localhost:4200/@fs/Users/witek/repos/ohno/.angular/cache/21.2.7/ohno/vite/deps/@jsverse_transloco.js?v=b8d22622:346
[    9454ms] [WARNING] %c Missing translation for 'features.algorithms.catalog.modules.insertion-sort.description' font-size: 12px; color: red @ http://localhost:4200/@fs/Users/witek/repos/ohno/.angular/cache/21.2.7/ohno/vite/deps/@jsverse_transloco.js?v=b8d22622:346
[    9454ms] [WARNING] %c Missing translation for 'features.algorithms.catalog.card.openAriaLabel' font-size: 12px; color: red @ http://localhost:4200/@fs/Users/witek/repos/ohno/.angular/cache/21.2.7/ohno/vite/deps/@jsverse_transloco.js?v=b8d22622:346
[    9454ms] [WARNING] %c Missing translation for 'shared.difficulty.easy' font-size: 12px; color: red @ http://localhost:4200/@fs/Users/witek/repos/ohno/.angular/cache/21.2.7/ohno/vite/deps/@jsverse_transloco.js?v=b8d22622:346
[    9454ms] [WARNING] %c Missing translation for 'features.algorithms.catalog.modules.counting-sort.description' font-size: 12px; color: red @ http://localhost:4200/@fs/Users/witek/repos/ohno/.angular/cache/21.2.7/ohno/vite/deps/@jsverse_transloco.js?v=b8d22622:346
[    9455ms] [WARNING] %c Missing translation for 'features.algorithms.catalog.card.openAriaLabel' font-size: 12px; color: red @ http://localhost:4200/@fs/Users/witek/repos/ohno/.angular/cache/21.2.7/ohno/vite/deps/@jsverse_transloco.js?v=b8d22622:346
[    9455ms] [WARNING] %c Missing translation for 'shared.difficulty.medium' font-size: 12px; color: red @ http://localhost:4200/@fs/Users/witek/repos/ohno/.angular/cache/21.2.7/ohno/vite/deps/@jsverse_transloco.js?v=b8d22622:346
[    9455ms] [WARNING] %c Missing translation for 'features.algorithms.catalog.modules.merge-sort.description' font-size: 12px; color: red @ http://localhost:4200/@fs/Users/witek/repos/ohno/.angular/cache/21.2.7/ohno/vite/deps/@jsverse_transloco.js?v=b8d22622:346
[    9455ms] [WARNING] %c Missing translation for 'features.algorithms.catalog.card.openAriaLabel' font-size: 12px; color: red @ http://localhost:4200/@fs/Users/witek/repos/ohno/.angular/cache/21.2.7/ohno/vite/deps/@jsverse_transloco.js?v=b8d22622:346
[    9455ms] [WARNING] %c Missing translation for 'shared.difficulty.medium' font-size: 12px; color: red @ http://localhost:4200/@fs/Users/witek/repos/ohno/.angular/cache/21.2.7/ohno/vite/deps/@jsverse_transloco.js?v=b8d22622:346
[    9455ms] [WARNING] %c Missing translation for 'features.algorithms.catalog.modules.quick-sort.description' font-size: 12px; color: red @ http://localhost:4200/@fs/Users/witek/repos/ohno/.angular/cache/21.2.7/ohno/vite/deps/@jsverse_transloco.js?v=b8d22622:346
[    9455ms] [WARNING] %c Missing translation for 'features.algorithms.catalog.card.openAriaLabel' font-size: 12px; color: red @ http://localhost:4200/@fs/Users/witek/repos/ohno/.angular/cache/21.2.7/ohno/vite/deps/@jsverse_transloco.js?v=b8d22622:346
[    9455ms] [WARNING] %c Missing translation for 'shared.difficulty.medium' font-size: 12px; color: red @ http://localhost:4200/@fs/Users/witek/repos/ohno/.angular/cache/21.2.7/ohno/vite/deps/@jsverse_transloco.js?v=b8d22622:346
[    9455ms] [WARNING] %c Missing translation for 'features.algorithms.catalog.modules.heap-sort.description' font-size: 12px; color: red @ http://localhost:4200/@fs/Users/witek/repos/ohno/.angular/cache/21.2.7/ohno/vite/deps/@jsverse_transloco.js?v=b8d22622:346
[    9456ms] [WARNING] %c Missing translation for 'features.algorithms.catalog.card.openAriaLabel' font-size: 12px; color: red @ http://localhost:4200/@fs/Users/witek/repos/ohno/.angular/cache/21.2.7/ohno/vite/deps/@jsverse_transloco.js?v=b8d22622:346
[    9456ms] [WARNING] %c Missing translation for 'shared.difficulty.medium' font-size: 12px; color: red @ http://localhost:4200/@fs/Users/witek/repos/ohno/.angular/cache/21.2.7/ohno/vite/deps/@jsverse_transloco.js?v=b8d22622:346
[    9456ms] [WARNING] %c Missing translation for 'features.algorithms.catalog.modules.radix-sort.description' font-size: 12px; color: red @ http://localhost:4200/@fs/Users/witek/repos/ohno/.angular/cache/21.2.7/ohno/vite/deps/@jsverse_transloco.js?v=b8d22622:346
[    9456ms] [WARNING] %c Missing translation for 'features.algorithms.catalog.card.openAriaLabel' font-size: 12px; color: red @ http://localhost:4200/@fs/Users/witek/repos/ohno/.angular/cache/21.2.7/ohno/vite/deps/@jsverse_transloco.js?v=b8d22622:346
[    9456ms] [WARNING] %c Missing translation for 'shared.difficulty.medium' font-size: 12px; color: red @ http://localhost:4200/@fs/Users/witek/repos/ohno/.angular/cache/21.2.7/ohno/vite/deps/@jsverse_transloco.js?v=b8d22622:346
[    9456ms] [WARNING] %c Missing translation for 'features.algorithms.catalog.modules.bucket-sort.description' font-size: 12px; color: red @ http://localhost:4200/@fs/Users/witek/repos/ohno/.angular/cache/21.2.7/ohno/vite/deps/@jsverse_transloco.js?v=b8d22622:346
[    9456ms] [WARNING] %c Missing translation for 'features.algorithms.catalog.card.openAriaLabel' font-size: 12px; color: red @ http://localhost:4200/@fs/Users/witek/repos/ohno/.angular/cache/21.2.7/ohno/vite/deps/@jsverse_transloco.js?v=b8d22622:346
[    9456ms] [WARNING] %c Missing translation for 'shared.difficulty.medium' font-size: 12px; color: red @ http://localhost:4200/@fs/Users/witek/repos/ohno/.angular/cache/21.2.7/ohno/vite/deps/@jsverse_transloco.js?v=b8d22622:346
[    9456ms] [WARNING] %c Missing translation for 'features.algorithms.catalog.modules.shell-sort.description' font-size: 12px; color: red @ http://localhost:4200/@fs/Users/witek/repos/ohno/.angular/cache/21.2.7/ohno/vite/deps/@jsverse_transloco.js?v=b8d22622:346
[    9456ms] [WARNING] %c Missing translation for 'features.algorithms.catalog.card.openAriaLabel' font-size: 12px; color: red @ http://localhost:4200/@fs/Users/witek/repos/ohno/.angular/cache/21.2.7/ohno/vite/deps/@jsverse_transloco.js?v=b8d22622:346
[    9456ms] [WARNING] %c Missing translation for 'shared.difficulty.medium' font-size: 12px; color: red @ http://localhost:4200/@fs/Users/witek/repos/ohno/.angular/cache/21.2.7/ohno/vite/deps/@jsverse_transloco.js?v=b8d22622:346
[    9457ms] [WARNING] %c Missing translation for 'features.algorithms.catalog.modules.tim-sort.description' font-size: 12px; color: red @ http://localhost:4200/@fs/Users/witek/repos/ohno/.angular/cache/21.2.7/ohno/vite/deps/@jsverse_transloco.js?v=b8d22622:346
[    9457ms] [WARNING] %c Missing translation for 'core.instrument.bank.all' font-size: 12px; color: red @ http://localhost:4200/@fs/Users/witek/repos/ohno/.angular/cache/21.2.7/ohno/vite/deps/@jsverse_transloco.js?v=b8d22622:346
